Loaded 2589 rows from /home/tomas/wetail/git/st/data/residual_ml/dataset_corrected.csv
[1/81] depth=3 lr=0.03 iter=100 smooth=0.0 val_frac=0.2 val_ll=5.7550 train_ll=4.0824
[2/81] depth=3 lr=0.03 iter=100 smooth=0.05 val_frac=0.2 val_ll=1.0152 train_ll=0.9079
[3/81] depth=3 lr=0.03 iter=100 smooth=0.1 val_frac=0.2 val_ll=1.0141 train_ll=0.9359
[4/81] depth=3 lr=0.03 iter=300 smooth=0.0 val_frac=0.2 val_ll=6.4940 train_ll=2.4337
[5/81] depth=3 lr=0.03 iter=300 smooth=0.05 val_frac=0.2 val_ll=1.0397 train_ll=0.7528
[6/81] depth=3 lr=0.03 iter=300 smooth=0.1 val_frac=0.2 val_ll=1.0253 train_ll=0.8228
[7/81] depth=3 lr=0.03 iter=500 smooth=0.0 val_frac=0.2 val_ll=7.0568 train_ll=1.4873
[8/81] depth=3 lr=0.03 iter=500 smooth=0.05 val_frac=0.2 val_ll=1.0569 train_ll=0.6398
[9/81] depth=3 lr=0.03 iter=500 smooth=0.1 val_frac=0.2 val_ll=1.0357 train_ll=0.7374
[10/81] depth=3 lr=0.05 iter=100 smooth=0.0 val_frac=0.2 val_ll=6.0730 train_ll=3.4787
[11/81] depth=3 lr=0.05 iter=100 smooth=0.05 val_frac=0.2 val_ll=1.0246 train_ll=0.8484
[12/81] depth=3 lr=0.05 iter=100 smooth=0.1 val_frac=0.2 val_ll=1.0179 train_ll=0.8941
[13/81] depth=3 lr=0.05 iter=300 smooth=0.0 val_frac=0.2 val_ll=6.9606 train_ll=1.5069
[14/81] depth=3 lr=0.05 iter=300 smooth=0.05 val_frac=0.2 val_ll=1.0554 train_ll=0.6384
[15/81] depth=3 lr=0.05 iter=300 smooth=0.1 val_frac=0.2 val_ll=1.0370 train_ll=0.7367
[16/81] depth=3 lr=0.05 iter=500 smooth=0.0 val_frac=0.2 val_ll=7.5866 train_ll=0.7246
[17/81] depth=3 lr=0.05 iter=500 smooth=0.05 val_frac=0.2 val_ll=1.0782 train_ll=0.5075
[18/81] depth=3 lr=0.05 iter=500 smooth=0.1 val_frac=0.2 val_ll=1.0500 train_ll=0.6340
[19/81] depth=3 lr=0.1 iter=100 smooth=0.0 val_frac=0.2 val_ll=6.6275 train_ll=2.1710
[20/81] depth=3 lr=0.1 iter=100 smooth=0.05 val_frac=0.2 val_ll=1.0505 train_ll=0.7250
[21/81] depth=3 lr=0.1 iter=100 smooth=0.1 val_frac=0.2 val_ll=1.0243 train_ll=0.8035
[22/81] depth=3 lr=0.1 iter=300 smooth=0.0 val_frac=0.2 val_ll=7.6892 train_ll=0.5327
[23/81] depth=3 lr=0.1 iter=300 smooth=0.05 val_frac=0.2 val_ll=1.0906 train_ll=0.4587
[24/81] depth=3 lr=0.1 iter=300 smooth=0.1 val_frac=0.2 val_ll=1.0576 train_ll=0.5877
[25/81] depth=3 lr=0.1 iter=500 smooth=0.0 val_frac=0.2 val_ll=8.2825 train_ll=0.2474
[26/81] depth=3 lr=0.1 iter=500 smooth=0.05 val_frac=0.2 val_ll=1.1247 train_ll=0.3326
[27/81] depth=3 lr=0.1 iter=500 smooth=0.1 val_frac=0.2 val_ll=1.0765 train_ll=0.4755
[28/81] depth=4 lr=0.03 iter=100 smooth=0.0 val_frac=0.2 val_ll=5.8296 train_ll=3.0331
[29/81] depth=4 lr=0.03 iter=100 smooth=0.05 val_frac=0.2 val_ll=1.0194 train_ll=0.8341
[30/81] depth=4 lr=0.03 iter=100 smooth=0.1 val_frac=0.2 val_ll=1.0173 train_ll=0.8861
[31/81] depth=4 lr=0.03 iter=300 smooth=0.0 val_frac=0.2 val_ll=6.6333 train_ll=1.2100
[32/81] depth=4 lr=0.03 iter=300 smooth=0.05 val_frac=0.2 val_ll=1.0491 train_ll=0.6182
[33/81] depth=4 lr=0.03 iter=300 smooth=0.1 val_frac=0.2 val_ll=1.0311 train_ll=0.7236
[34/81] depth=4 lr=0.03 iter=500 smooth=0.0 val_frac=0.2 val_ll=7.1906 train_ll=0.5672
[35/81] depth=4 lr=0.03 iter=500 smooth=0.05 val_frac=0.2 val_ll=1.0745 train_ll=0.4837
[36/81] depth=4 lr=0.03 iter=500 smooth=0.1 val_frac=0.2 val_ll=1.0423 train_ll=0.6139
[37/81] depth=4 lr=0.05 iter=100 smooth=0.0 val_frac=0.2 val_ll=6.1073 train_ll=2.1633
[38/81] depth=4 lr=0.05 iter=100 smooth=0.05 val_frac=0.2 val_ll=1.0310 train_ll=0.7439
[39/81] depth=4 lr=0.05 iter=100 smooth=0.1 val_frac=0.2 val_ll=1.0217 train_ll=0.8196
[40/81] depth=4 lr=0.05 iter=300 smooth=0.0 val_frac=0.2 val_ll=7.0562 train_ll=0.5354
[41/81] depth=4 lr=0.05 iter=300 smooth=0.05 val_frac=0.2 val_ll=1.0768 train_ll=0.4720
[42/81] depth=4 lr=0.05 iter=300 smooth=0.1 val_frac=0.2 val_ll=1.0381 train_ll=0.6075
[43/81] depth=4 lr=0.05 iter=500 smooth=0.0 val_frac=0.2 val_ll=7.5294 train_ll=0.2561
[44/81] depth=4 lr=0.05 iter=500 smooth=0.05 val_frac=0.2 val_ll=1.1006 train_ll=0.3423
[45/81] depth=4 lr=0.05 iter=500 smooth=0.1 val_frac=0.2 val_ll=1.0474 train_ll=0.4913
[46/81] depth=4 lr=0.1 iter=100 smooth=0.0 val_frac=0.2 val_ll=6.8229 train_ll=1.0091
[47/81] depth=4 lr=0.1 iter=100 smooth=0.05 val_frac=0.2 val_ll=1.0586 train_ll=0.5826
[48/81] depth=4 lr=0.1 iter=100 smooth=0.1 val_frac=0.2 val_ll=1.0440 train_ll=0.6958
[49/81] depth=4 lr=0.1 iter=300 smooth=0.0 val_frac=0.2 val_ll=7.5343 train_ll=0.2060
[50/81] depth=4 lr=0.1 iter=300 smooth=0.05 val_frac=0.2 val_ll=1.1049 train_ll=0.2993
[51/81] depth=4 lr=0.1 iter=300 smooth=0.1 val_frac=0.2 val_ll=1.0732 train_ll=0.4456
[52/81] depth=4 lr=0.1 iter=500 smooth=0.0 val_frac=0.2 val_ll=7.7871 train_ll=0.0782
[53/81] depth=4 lr=0.1 iter=500 smooth=0.05 val_frac=0.2 val_ll=1.1347 train_ll=0.2106
[54/81] depth=4 lr=0.1 iter=500 smooth=0.1 val_frac=0.2 val_ll=1.0880 train_ll=0.3513
[55/81] depth=6 lr=0.03 iter=100 smooth=0.0 val_frac=0.2 val_ll=6.0392 train_ll=1.2662
[56/81] depth=6 lr=0.03 iter=100 smooth=0.05 val_frac=0.2 val_ll=1.0200 train_ll=0.6892
[57/81] depth=6 lr=0.03 iter=100 smooth=0.1 val_frac=0.2 val_ll=1.0206 train_ll=0.7774
[58/81] depth=6 lr=0.03 iter=300 smooth=0.0 val_frac=0.2 val_ll=6.9852 train_ll=0.3054
[59/81] depth=6 lr=0.03 iter=300 smooth=0.05 val_frac=0.2 val_ll=1.0643 train_ll=0.4036
[60/81] depth=6 lr=0.03 iter=300 smooth=0.1 val_frac=0.2 val_ll=1.0352 train_ll=0.5458
[61/81] depth=6 lr=0.03 iter=500 smooth=0.0 val_frac=0.2 val_ll=7.3318 train_ll=0.1454
[62/81] depth=6 lr=0.03 iter=500 smooth=0.05 val_frac=0.2 val_ll=1.0837 train_ll=0.2840
[63/81] depth=6 lr=0.03 iter=500 smooth=0.1 val_frac=0.2 val_ll=1.0420 train_ll=0.4310
[64/81] depth=6 lr=0.05 iter=100 smooth=0.0 val_frac=0.2 val_ll=6.3135 train_ll=0.7450
[65/81] depth=6 lr=0.05 iter=100 smooth=0.05 val_frac=0.2 val_ll=1.0358 train_ll=0.5682
[66/81] depth=6 lr=0.05 iter=100 smooth=0.1 val_frac=0.2 val_ll=1.0250 train_ll=0.6773
[67/81] depth=6 lr=0.05 iter=300 smooth=0.0 val_frac=0.2 val_ll=7.1698 train_ll=0.1403
[68/81] depth=6 lr=0.05 iter=300 smooth=0.05 val_frac=0.2 val_ll=1.0859 train_ll=0.2851
[69/81] depth=6 lr=0.05 iter=300 smooth=0.1 val_frac=0.2 val_ll=1.0547 train_ll=0.4245
[70/81] depth=6 lr=0.05 iter=500 smooth=0.0 val_frac=0.2 val_ll=7.5140 train_ll=0.0485
[71/81] depth=6 lr=0.05 iter=500 smooth=0.05 val_frac=0.2 val_ll=1.1073 train_ll=0.1995
[72/81] depth=6 lr=0.05 iter=500 smooth=0.1 val_frac=0.2 val_ll=1.0655 train_ll=0.3360
[73/81] depth=6 lr=0.1 iter=100 smooth=0.0 val_frac=0.2 val_ll=7.2304 train_ll=0.2696
[74/81] depth=6 lr=0.1 iter=100 smooth=0.05 val_frac=0.2 val_ll=1.0531 train_ll=0.3723
[75/81] depth=6 lr=0.1 iter=100 smooth=0.1 val_frac=0.2 val_ll=1.0506 train_ll=0.5130
[76/81] depth=6 lr=0.1 iter=300 smooth=0.0 val_frac=0.2 val_ll=7.7244 train_ll=0.0291
[77/81] depth=6 lr=0.1 iter=300 smooth=0.05 val_frac=0.2 val_ll=1.1035 train_ll=0.1752
[78/81] depth=6 lr=0.1 iter=300 smooth=0.1 val_frac=0.2 val_ll=1.0770 train_ll=0.3114
[79/81] depth=6 lr=0.1 iter=500 smooth=0.0 val_frac=0.2 val_ll=7.8685 train_ll=0.0014
[80/81] depth=6 lr=0.1 iter=500 smooth=0.05 val_frac=0.2 val_ll=1.1195 train_ll=0.1349
[81/81] depth=6 lr=0.1 iter=500 smooth=0.1 val_frac=0.2 val_ll=1.0803 train_ll=0.2642
Best params: {'max_depth': 3, 'learning_rate': 0.03, 'max_iter': 100, 'label_smoothing': 0.1, 'validation_fraction': 0.2, 'train_rows': 2071, 'validation_rows': 518, 'train_log_loss': 0.9359056647697204, 'validation_log_loss': 1.0140521003591125, 'market_validation_log_loss': 1.0067856568672326, 'blend_validation_log_loss': 1.0068294637288926, 'model_path': '/home/tomas/wetail/git/st/models/residual_ml/sweep_best/model.pkl'}
Wrote sweep results to /home/tomas/wetail/git/st/models/residual_ml/sweep_best/sweep_results.json
Model saved to /home/tomas/wetail/git/st/models/residual_ml/sweep_best/model.pkl
